Loading all four datasets...
Finished loading.
Row order check (should all be TRUE):
TRUE 
TRUE 

Combined dimensions:
[1] 380355     85
[1] 380355     85

Running combined Normal (85 samples, full genome) ...
Combined Normal referenceMeth+flagMeth done in 4.97 min

Running combined Tumor (85 samples, full genome) ...
Combined Tumor referenceMeth+flagMeth done in 5.85 min

===== Per-sample outlier CpG counts: Combined Normal =====
 ND22   N48  ND19   N15   N49   N17   N31  ND21   N23  ND20   N34   N14   N52 
51817 39227 33827 31733 29555 28997 27254 26467 25407 25196 18757 17300 16299 
  N35   N53   N46   N30   N27   N13  ND23   N24   N11   N38   N26   N25   N10 
16167 14485 14448 10626 10481 10466 10394  9972  9553  9535  9373  9303  9214 
 ND30    N3    N9   N32   N28    N4  ND32   N39  ND13   N21   N19   N33  ND11 
 8419  8379  8289  8136  7882  7759  7432  6706  6588  6421  6377  6145  5917 
  N22    N8  ND10  ND17  ND25  ND27   N18    N5    N6   N37   N50  ND14   N42 
 5636  5633  5577  5535  5307  5291  5229  5189  4500  4368  4346  4197  4192 
 ND26  ND28  ND18  ND16   ND8   N29   ND3    N2    N1   N16  ND24   ND7   N12 
 4157  4121  3933  3925  3916  3890  3843  3416  3308  3094  3071  3047  2992 
  ND4   N36   N47   ND9   ND1   N44   ND6    N7   N20   ND5  ND15  ND12   N41 
 2968  2847  2737  2564  2542  2416  2413  2389  2093  1956  1915  1886  1599 
 ND29   N40   N51   N45   ND2  ND31   N43 
 1427  1361  1310  1134  1109  1026   993 

===== Per-sample outlier CpG counts: Combined Tumor =====
 TD19    T6   T15   T14  TD26  TD20  TD12  TD13  TD22   T17   T16   T44   T34 
45542 41592 40311 34828 33090 30667 30246 27037 23895 17693 16908 16781 16203 
  T25  TD31  TD21   T32   TD1   T33    T5   T36   T23  TD14   T10   T28   T35 
15914 15411 15006 14645 14068 14001 13942 12632 11350 11166 11100 10701 10462 
  T38  TD25   T51    T7   T26   TD8    T4  TD15   T18  TD18   T40   TD4   T19 
10204  9996  9560  8872  8121  8055  7438  7397  7374  6491  5959  5438  5254 
  TD6   T43    T2  TD10   TD9   T12   TD2   T29    T8   TD5    T3   T22   TD3 
 5205  5097  4981  4775  4650  4433  4140  4130  3858  3787  3572  3217  2996 
 TD23   T11  TD28   T24   T39  TD16   T27  TD17   T45  TD11   T13  TD29   T52 
 2933  2871  2850  2708  2671  2657  2570  2521  2493  2460  2377  2320  2281 
  T53  TD24   T21   T30   T46   T42   T50  TD30   T20    T1    T9  TD32   T31 
 2072  2065  1849  1813  1750  1671  1658  1494  1455  1367  1316  1260  1190 
  T47   T41   T37   TD7  TD27   T49   T48 
 1044   993   946   916   831   604   507 

Mean per-CpG outlier count -> Normal: 1.999976  Tumor: 1.999984 

DONE.
