bootstrap 250 / 400 
bootstrap 250 / 400 
bootstrap 250 / 400 
bootstrap 250 / 400 
bootstrap 250 / 400 
bootstrap 250 / 400 
bootstrap 250 / 400 
bootstrap 250 / 400 
bootstrap 250 / 400 
bootstrap 250 / 400 
bootstrap 250 / 400 
bootstrap 250 / 400 
bootstrap 250 / 400 
bootstrap 250 / 400 
bootstrap 250 / 400 
bootstrap 250 / 400 
bootstrap 250 / 400 
bootstrap 250 / 400 
bootstrap 250 / 400 
bootstrap 250 / 400 
bootstrap 250 / 400 
bootstrap 250 / 400 
bootstrap 250 / 400 
bootstrap 250 / 400 
bootstrap 250 / 400 
bootstrap 250 / 400 
bootstrap 250 / 400 
bootstrap 250 / 400 
bootstrap 250 / 400 
bootstrap 250 / 400 
bootstrap 250 / 400 
bootstrap 250 / 400 
bootstrap 250 / 400 
bootstrap 250 / 400 
bootstrap 250 / 400 
bootstrap 250 / 400 
bootstrap 250 / 400 
bootstrap 250 / 400 
bootstrap 250 / 400 
bootstrap 250 / 400 
bootstrap 250 / 400 
bootstrap 250 / 400 
bootstrap 250 / 400 
bootstrap 250 / 400 
bootstrap 250 / 400 
bootstrap 250 / 400 
bootstrap 250 / 400 
bootstrap 250 / 400 
bootstrap 250 / 400 
bootstrap 250 / 400 
flat_29 50 / 300 
bootstrap 250 / 400 
bootstrap 250 / 400 
bootstrap 250 / 400 
bootstrap 250 / 400 
bootstrap 250 / 400 
bootstrap 250 / 400 
bootstrap 250 / 400 
bootstrap 250 / 400 
bootstrap 250 / 400 
bootstrap 250 / 400 
bootstrap 250 / 400 
bootstrap 250 / 400 
bootstrap 250 / 400 
bootstrap 250 / 400 
bootstrap 250 / 400 
bootstrap 250 / 400 
bootstrap 250 / 400 
bootstrap 250 / 400 
bootstrap 250 / 400 
bootstrap 250 / 400 
bootstrap 250 / 400 
bootstrap 250 / 400 
bootstrap 250 / 400 
bootstrap 250 / 400 
bootstrap 250 / 400 
bootstrap 250 / 400 
bootstrap 250 / 400 
bootstrap 250 / 400 
bootstrap 250 / 400 
bootstrap 250 / 400 
bootstrap 250 / 400 
bootstrap 250 / 400 
bootstrap 250 / 400 
bootstrap 250 / 400 
bootstrap 250 / 400 
bootstrap 250 / 400 
bootstrap 250 / 400 
bootstrap 250 / 400 
bootstrap 250 / 400 
bootstrap 250 / 400 
bootstrap 250 / 400 
bootstrap 250 / 400 
bootstrap 250 / 400 
bootstrap 250 / 400 
bootstrap 250 / 400 
bootstrap 250 / 400 
bootstrap 250 / 400 
bootstrap 250 / 400 
bootstrap 250 / 400 
bootstrap 250 / 400 
flat_29 100 / 300 
bootstrap 250 / 400 
bootstrap 250 / 400 
bootstrap 250 / 400 
bootstrap 250 / 400 
bootstrap 250 / 400 
bootstrap 250 / 400 
bootstrap 250 / 400 
bootstrap 250 / 400 
bootstrap 250 / 400 
bootstrap 250 / 400 
bootstrap 250 / 400 
bootstrap 250 / 400 
bootstrap 250 / 400 
bootstrap 250 / 400 
bootstrap 250 / 400 
bootstrap 250 / 400 
bootstrap 250 / 400 
bootstrap 250 / 400 
bootstrap 250 / 400 
bootstrap 250 / 400 
bootstrap 250 / 400 
bootstrap 250 / 400 
bootstrap 250 / 400 
bootstrap 250 / 400 
bootstrap 250 / 400 
bootstrap 250 / 400 
bootstrap 250 / 400 
bootstrap 250 / 400 
bootstrap 250 / 400 
bootstrap 250 / 400 
bootstrap 250 / 400 
bootstrap 250 / 400 
bootstrap 250 / 400 
bootstrap 250 / 400 
bootstrap 250 / 400 
bootstrap 250 / 400 
bootstrap 250 / 400 
bootstrap 250 / 400 
bootstrap 250 / 400 
bootstrap 250 / 400 
bootstrap 250 / 400 
bootstrap 250 / 400 
bootstrap 250 / 400 
bootstrap 250 / 400 
bootstrap 250 / 400 
bootstrap 250 / 400 
bootstrap 250 / 400 
bootstrap 250 / 400 
bootstrap 250 / 400 
bootstrap 250 / 400 
flat_29 150 / 300 
bootstrap 250 / 400 
bootstrap 250 / 400 
bootstrap 250 / 400 
bootstrap 250 / 400 
bootstrap 250 / 400 
bootstrap 250 / 400 
bootstrap 250 / 400 
bootstrap 250 / 400 
bootstrap 250 / 400 
bootstrap 250 / 400 
bootstrap 250 / 400 
bootstrap 250 / 400 
bootstrap 250 / 400 
bootstrap 250 / 400 
bootstrap 250 / 400 
bootstrap 250 / 400 
bootstrap 250 / 400 
bootstrap 250 / 400 
bootstrap 250 / 400 
bootstrap 250 / 400 
bootstrap 250 / 400 
bootstrap 250 / 400 
bootstrap 250 / 400 
bootstrap 250 / 400 
bootstrap 250 / 400 
bootstrap 250 / 400 
bootstrap 250 / 400 
bootstrap 250 / 400 
bootstrap 250 / 400 
bootstrap 250 / 400 
bootstrap 250 / 400 
bootstrap 250 / 400 
bootstrap 250 / 400 
bootstrap 250 / 400 
bootstrap 250 / 400 
bootstrap 250 / 400 
bootstrap 250 / 400 
bootstrap 250 / 400 
bootstrap 250 / 400 
bootstrap 250 / 400 
bootstrap 250 / 400 
bootstrap 250 / 400 
bootstrap 250 / 400 
bootstrap 250 / 400 
bootstrap 250 / 400 
bootstrap 250 / 400 
bootstrap 250 / 400 
bootstrap 250 / 400 
bootstrap 250 / 400 
bootstrap 250 / 400 
flat_29 200 / 300 
bootstrap 250 / 400 
bootstrap 250 / 400 
bootstrap 250 / 400 
bootstrap 250 / 400 
bootstrap 250 / 400 
bootstrap 250 / 400 
bootstrap 250 / 400 
bootstrap 250 / 400 
bootstrap 250 / 400 
bootstrap 250 / 400 
bootstrap 250 / 400 
bootstrap 250 / 400 
bootstrap 250 / 400 
bootstrap 250 / 400 
bootstrap 250 / 400 
bootstrap 250 / 400 
bootstrap 250 / 400 
bootstrap 250 / 400 
bootstrap 250 / 400 
bootstrap 250 / 400 
bootstrap 250 / 400 
bootstrap 250 / 400 
bootstrap 250 / 400 
bootstrap 250 / 400 
bootstrap 250 / 400 
bootstrap 250 / 400 
bootstrap 250 / 400 
bootstrap 250 / 400 
bootstrap 250 / 400 
bootstrap 250 / 400 
bootstrap 250 / 400 
bootstrap 250 / 400 
bootstrap 250 / 400 
bootstrap 250 / 400 
bootstrap 250 / 400 
bootstrap 250 / 400 
bootstrap 250 / 400 
bootstrap 250 / 400 
bootstrap 250 / 400 
bootstrap 250 / 400 
bootstrap 250 / 400 
bootstrap 250 / 400 
bootstrap 250 / 400 
bootstrap 250 / 400 
bootstrap 250 / 400 
bootstrap 250 / 400 
bootstrap 250 / 400 
bootstrap 250 / 400 
bootstrap 250 / 400 
bootstrap 250 / 400 
flat_29 250 / 300 
bootstrap 250 / 400 
bootstrap 250 / 400 
bootstrap 250 / 400 
bootstrap 250 / 400 
bootstrap 250 / 400 
bootstrap 250 / 400 
bootstrap 250 / 400 
bootstrap 250 / 400 
bootstrap 250 / 400 
bootstrap 250 / 400 
bootstrap 250 / 400 
bootstrap 250 / 400 
bootstrap 250 / 400 
bootstrap 250 / 400 
bootstrap 250 / 400 
bootstrap 250 / 400 
bootstrap 250 / 400 
bootstrap 250 / 400 
bootstrap 250 / 400 
bootstrap 250 / 400 
bootstrap 250 / 400 
bootstrap 250 / 400 
bootstrap 250 / 400 
bootstrap 250 / 400 
bootstrap 250 / 400 
bootstrap 250 / 400 
bootstrap 250 / 400 
bootstrap 250 / 400 
bootstrap 250 / 400 
bootstrap 250 / 400 
bootstrap 250 / 400 
bootstrap 250 / 400 
bootstrap 250 / 400 
bootstrap 250 / 400 
bootstrap 250 / 400 
bootstrap 250 / 400 
bootstrap 250 / 400 
bootstrap 250 / 400 
bootstrap 250 / 400 
bootstrap 250 / 400 
bootstrap 250 / 400 
bootstrap 250 / 400 
bootstrap 250 / 400 
bootstrap 250 / 400 
bootstrap 250 / 400 
bootstrap 250 / 400 
bootstrap 250 / 400 
bootstrap 250 / 400 
bootstrap 250 / 400 
bootstrap 250 / 400 
flat_29 300 / 300 
bootstrap 250 / 400 
bootstrap 250 / 400 
bootstrap 250 / 400 
bootstrap 250 / 400 
bootstrap 250 / 400 
bootstrap 250 / 400 
bootstrap 250 / 400 
bootstrap 250 / 400 
bootstrap 250 / 400 
bootstrap 250 / 400 
bootstrap 250 / 400 
bootstrap 250 / 400 
bootstrap 250 / 400 
bootstrap 250 / 400 
bootstrap 250 / 400 
bootstrap 250 / 400 
bootstrap 250 / 400 
bootstrap 250 / 400 
bootstrap 250 / 400 
bootstrap 250 / 400 
bootstrap 250 / 400 
bootstrap 250 / 400 
bootstrap 250 / 400 
bootstrap 250 / 400 
bootstrap 250 / 400 
bootstrap 250 / 400 
bootstrap 250 / 400 
bootstrap 250 / 400 
bootstrap 250 / 400 
bootstrap 250 / 400 
bootstrap 250 / 400 
bootstrap 250 / 400 
bootstrap 250 / 400 
bootstrap 250 / 400 
bootstrap 250 / 400 
bootstrap 250 / 400 
bootstrap 250 / 400 
bootstrap 250 / 400 
bootstrap 250 / 400 
bootstrap 250 / 400 
bootstrap 250 / 400 
bootstrap 250 / 400 
bootstrap 250 / 400 
bootstrap 250 / 400 
bootstrap 250 / 400 
bootstrap 250 / 400 
bootstrap 250 / 400 
bootstrap 250 / 400 
bootstrap 250 / 400 
bootstrap 250 / 400 
decay_57 50 / 300 
bootstrap 250 / 400 
bootstrap 250 / 400 
bootstrap 250 / 400 
bootstrap 250 / 400 
bootstrap 250 / 400 
bootstrap 250 / 400 
bootstrap 250 / 400 
bootstrap 250 / 400 
bootstrap 250 / 400 
bootstrap 250 / 400 
bootstrap 250 / 400 
bootstrap 250 / 400 
bootstrap 250 / 400 
bootstrap 250 / 400 
bootstrap 250 / 400 
bootstrap 250 / 400 
bootstrap 250 / 400 
bootstrap 250 / 400 
bootstrap 250 / 400 
bootstrap 250 / 400 
bootstrap 250 / 400 
bootstrap 250 / 400 
bootstrap 250 / 400 
bootstrap 250 / 400 
bootstrap 250 / 400 
bootstrap 250 / 400 
bootstrap 250 / 400 
bootstrap 250 / 400 
bootstrap 250 / 400 
bootstrap 250 / 400 
bootstrap 250 / 400 
bootstrap 250 / 400 
bootstrap 250 / 400 
bootstrap 250 / 400 
bootstrap 250 / 400 
bootstrap 250 / 400 
bootstrap 250 / 400 
bootstrap 250 / 400 
bootstrap 250 / 400 
bootstrap 250 / 400 
bootstrap 250 / 400 
bootstrap 250 / 400 
bootstrap 250 / 400 
bootstrap 250 / 400 
bootstrap 250 / 400 
bootstrap 250 / 400 
bootstrap 250 / 400 
bootstrap 250 / 400 
bootstrap 250 / 400 
bootstrap 250 / 400 
decay_57 100 / 300 
bootstrap 250 / 400 
bootstrap 250 / 400 
bootstrap 250 / 400 
bootstrap 250 / 400 
bootstrap 250 / 400 
bootstrap 250 / 400 
bootstrap 250 / 400 
bootstrap 250 / 400 
bootstrap 250 / 400 
bootstrap 250 / 400 
bootstrap 250 / 400 
bootstrap 250 / 400 
bootstrap 250 / 400 
bootstrap 250 / 400 
bootstrap 250 / 400 
bootstrap 250 / 400 
bootstrap 250 / 400 
bootstrap 250 / 400 
bootstrap 250 / 400 
bootstrap 250 / 400 
bootstrap 250 / 400 
bootstrap 250 / 400 
bootstrap 250 / 400 
bootstrap 250 / 400 
bootstrap 250 / 400 
bootstrap 250 / 400 
bootstrap 250 / 400 
bootstrap 250 / 400 
bootstrap 250 / 400 
bootstrap 250 / 400 
bootstrap 250 / 400 
bootstrap 250 / 400 
bootstrap 250 / 400 
bootstrap 250 / 400 
bootstrap 250 / 400 
bootstrap 250 / 400 
bootstrap 250 / 400 
bootstrap 250 / 400 
bootstrap 250 / 400 
bootstrap 250 / 400 
bootstrap 250 / 400 
bootstrap 250 / 400 
bootstrap 250 / 400 
bootstrap 250 / 400 
bootstrap 250 / 400 
bootstrap 250 / 400 
bootstrap 250 / 400 
bootstrap 250 / 400 
bootstrap 250 / 400 
bootstrap 250 / 400 
decay_57 150 / 300 
bootstrap 250 / 400 
bootstrap 250 / 400 
bootstrap 250 / 400 
bootstrap 250 / 400 
bootstrap 250 / 400 
bootstrap 250 / 400 
bootstrap 250 / 400 
bootstrap 250 / 400 
bootstrap 250 / 400 
bootstrap 250 / 400 
bootstrap 250 / 400 
bootstrap 250 / 400 
bootstrap 250 / 400 
bootstrap 250 / 400 
bootstrap 250 / 400 
bootstrap 250 / 400 
bootstrap 250 / 400 
bootstrap 250 / 400 
bootstrap 250 / 400 
bootstrap 250 / 400 
bootstrap 250 / 400 
bootstrap 250 / 400 
bootstrap 250 / 400 
bootstrap 250 / 400 
bootstrap 250 / 400 
bootstrap 250 / 400 
bootstrap 250 / 400 
bootstrap 250 / 400 
bootstrap 250 / 400 
bootstrap 250 / 400 
bootstrap 250 / 400 
bootstrap 250 / 400 
bootstrap 250 / 400 
bootstrap 250 / 400 
bootstrap 250 / 400 
bootstrap 250 / 400 
bootstrap 250 / 400 
bootstrap 250 / 400 
bootstrap 250 / 400 
bootstrap 250 / 400 
bootstrap 250 / 400 
bootstrap 250 / 400 
bootstrap 250 / 400 
bootstrap 250 / 400 
bootstrap 250 / 400 
bootstrap 250 / 400 
bootstrap 250 / 400 
bootstrap 250 / 400 
bootstrap 250 / 400 
bootstrap 250 / 400 
decay_57 200 / 300 
bootstrap 250 / 400 
bootstrap 250 / 400 
bootstrap 250 / 400 
bootstrap 250 / 400 
bootstrap 250 / 400 
bootstrap 250 / 400 
bootstrap 250 / 400 
bootstrap 250 / 400 
bootstrap 250 / 400 
bootstrap 250 / 400 
bootstrap 250 / 400 
bootstrap 250 / 400 
bootstrap 250 / 400 
bootstrap 250 / 400 
bootstrap 250 / 400 
bootstrap 250 / 400 
bootstrap 250 / 400 
bootstrap 250 / 400 
bootstrap 250 / 400 
bootstrap 250 / 400 
bootstrap 250 / 400 
bootstrap 250 / 400 
bootstrap 250 / 400 
bootstrap 250 / 400 
bootstrap 250 / 400 
bootstrap 250 / 400 
bootstrap 250 / 400 
bootstrap 250 / 400 
bootstrap 250 / 400 
bootstrap 250 / 400 
bootstrap 250 / 400 
bootstrap 250 / 400 
bootstrap 250 / 400 
bootstrap 250 / 400 
bootstrap 250 / 400 
bootstrap 250 / 400 
bootstrap 250 / 400 
bootstrap 250 / 400 
bootstrap 250 / 400 
bootstrap 250 / 400 
bootstrap 250 / 400 
bootstrap 250 / 400 
bootstrap 250 / 400 
bootstrap 250 / 400 
bootstrap 250 / 400 
bootstrap 250 / 400 
bootstrap 250 / 400 
bootstrap 250 / 400 
bootstrap 250 / 400 
bootstrap 250 / 400 
decay_57 250 / 300 
bootstrap 250 / 400 
bootstrap 250 / 400 
bootstrap 250 / 400 
bootstrap 250 / 400 
bootstrap 250 / 400 
bootstrap 250 / 400 
bootstrap 250 / 400 
bootstrap 250 / 400 
bootstrap 250 / 400 
bootstrap 250 / 400 
bootstrap 250 / 400 
bootstrap 250 / 400 
bootstrap 250 / 400 
bootstrap 250 / 400 
bootstrap 250 / 400 
bootstrap 250 / 400 
bootstrap 250 / 400 
bootstrap 250 / 400 
bootstrap 250 / 400 
bootstrap 250 / 400 
bootstrap 250 / 400 
bootstrap 250 / 400 
bootstrap 250 / 400 
bootstrap 250 / 400 
bootstrap 250 / 400 
bootstrap 250 / 400 
bootstrap 250 / 400 
bootstrap 250 / 400 
bootstrap 250 / 400 
bootstrap 250 / 400 
bootstrap 250 / 400 
bootstrap 250 / 400 
bootstrap 250 / 400 
bootstrap 250 / 400 
bootstrap 250 / 400 
bootstrap 250 / 400 
bootstrap 250 / 400 
bootstrap 250 / 400 
bootstrap 250 / 400 
bootstrap 250 / 400 
bootstrap 250 / 400 
bootstrap 250 / 400 
bootstrap 250 / 400 
bootstrap 250 / 400 
bootstrap 250 / 400 
bootstrap 250 / 400 
bootstrap 250 / 400 
bootstrap 250 / 400 
bootstrap 250 / 400 
bootstrap 250 / 400 
decay_57 300 / 300 
bootstrap 250 / 400 
bootstrap 250 / 400 
bootstrap 250 / 400 
bootstrap 250 / 400 
bootstrap 250 / 400 
bootstrap 250 / 400 
bootstrap 250 / 400 
bootstrap 250 / 400 
bootstrap 250 / 400 
bootstrap 250 / 400 
bootstrap 250 / 400 
bootstrap 250 / 400 
bootstrap 250 / 400 
bootstrap 250 / 400 
bootstrap 250 / 400 
bootstrap 250 / 400 
bootstrap 250 / 400 
bootstrap 250 / 400 
bootstrap 250 / 400 
bootstrap 250 / 400 
bootstrap 250 / 400 
bootstrap 250 / 400 
bootstrap 250 / 400 
bootstrap 250 / 400 
bootstrap 250 / 400 
bootstrap 250 / 400 
bootstrap 250 / 400 
bootstrap 250 / 400 
bootstrap 250 / 400 
bootstrap 250 / 400 
bootstrap 250 / 400 
bootstrap 250 / 400 
bootstrap 250 / 400 
bootstrap 250 / 400 
bootstrap 250 / 400 
bootstrap 250 / 400 
bootstrap 250 / 400 
bootstrap 250 / 400 
bootstrap 250 / 400 
bootstrap 250 / 400 
bootstrap 250 / 400 
bootstrap 250 / 400 
bootstrap 250 / 400 
bootstrap 250 / 400 
bootstrap 250 / 400 
bootstrap 250 / 400 
bootstrap 250 / 400 
bootstrap 250 / 400 
bootstrap 250 / 400 
bootstrap 250 / 400 
sperm_like_52 50 / 300 
bootstrap 250 / 400 
bootstrap 250 / 400 
bootstrap 250 / 400 
bootstrap 250 / 400 
bootstrap 250 / 400 
bootstrap 250 / 400 
bootstrap 250 / 400 
bootstrap 250 / 400 
bootstrap 250 / 400 
bootstrap 250 / 400 
bootstrap 250 / 400 
bootstrap 250 / 400 
bootstrap 250 / 400 
bootstrap 250 / 400 
bootstrap 250 / 400 
bootstrap 250 / 400 
bootstrap 250 / 400 
bootstrap 250 / 400 
bootstrap 250 / 400 
bootstrap 250 / 400 
bootstrap 250 / 400 
bootstrap 250 / 400 
bootstrap 250 / 400 
bootstrap 250 / 400 
bootstrap 250 / 400 
bootstrap 250 / 400 
bootstrap 250 / 400 
bootstrap 250 / 400 
bootstrap 250 / 400 
bootstrap 250 / 400 
bootstrap 250 / 400 
bootstrap 250 / 400 
bootstrap 250 / 400 
bootstrap 250 / 400 
bootstrap 250 / 400 
bootstrap 250 / 400 
bootstrap 250 / 400 
bootstrap 250 / 400 
bootstrap 250 / 400 
bootstrap 250 / 400 
bootstrap 250 / 400 
bootstrap 250 / 400 
bootstrap 250 / 400 
bootstrap 250 / 400 
bootstrap 250 / 400 
bootstrap 250 / 400 
bootstrap 250 / 400 
bootstrap 250 / 400 
bootstrap 250 / 400 
bootstrap 250 / 400 
sperm_like_52 100 / 300 
bootstrap 250 / 400 
bootstrap 250 / 400 
bootstrap 250 / 400 
bootstrap 250 / 400 
bootstrap 250 / 400 
bootstrap 250 / 400 
bootstrap 250 / 400 
bootstrap 250 / 400 
bootstrap 250 / 400 
bootstrap 250 / 400 
bootstrap 250 / 400 
bootstrap 250 / 400 
bootstrap 250 / 400 
bootstrap 250 / 400 
bootstrap 250 / 400 
bootstrap 250 / 400 
bootstrap 250 / 400 
bootstrap 250 / 400 
bootstrap 250 / 400 
bootstrap 250 / 400 
bootstrap 250 / 400 
bootstrap 250 / 400 
bootstrap 250 / 400 
bootstrap 250 / 400 
bootstrap 250 / 400 
bootstrap 250 / 400 
bootstrap 250 / 400 
bootstrap 250 / 400 
bootstrap 250 / 400 
bootstrap 250 / 400 
bootstrap 250 / 400 
bootstrap 250 / 400 
bootstrap 250 / 400 
bootstrap 250 / 400 
bootstrap 250 / 400 
bootstrap 250 / 400 
bootstrap 250 / 400 
bootstrap 250 / 400 
bootstrap 250 / 400 
bootstrap 250 / 400 
bootstrap 250 / 400 
bootstrap 250 / 400 
bootstrap 250 / 400 
bootstrap 250 / 400 
bootstrap 250 / 400 
bootstrap 250 / 400 
bootstrap 250 / 400 
bootstrap 250 / 400 
bootstrap 250 / 400 
bootstrap 250 / 400 
sperm_like_52 150 / 300 
bootstrap 250 / 400 
bootstrap 250 / 400 
bootstrap 250 / 400 
bootstrap 250 / 400 
bootstrap 250 / 400 
bootstrap 250 / 400 
bootstrap 250 / 400 
bootstrap 250 / 400 
bootstrap 250 / 400 
bootstrap 250 / 400 
bootstrap 250 / 400 
bootstrap 250 / 400 
bootstrap 250 / 400 
bootstrap 250 / 400 
bootstrap 250 / 400 
bootstrap 250 / 400 
bootstrap 250 / 400 
bootstrap 250 / 400 
bootstrap 250 / 400 
bootstrap 250 / 400 
bootstrap 250 / 400 
bootstrap 250 / 400 
bootstrap 250 / 400 
bootstrap 250 / 400 
bootstrap 250 / 400 
bootstrap 250 / 400 
bootstrap 250 / 400 
bootstrap 250 / 400 
bootstrap 250 / 400 
bootstrap 250 / 400 
bootstrap 250 / 400 
bootstrap 250 / 400 
bootstrap 250 / 400 
bootstrap 250 / 400 
bootstrap 250 / 400 
bootstrap 250 / 400 
bootstrap 250 / 400 
bootstrap 250 / 400 
bootstrap 250 / 400 
bootstrap 250 / 400 
bootstrap 250 / 400 
bootstrap 250 / 400 
bootstrap 250 / 400 
bootstrap 250 / 400 
bootstrap 250 / 400 
bootstrap 250 / 400 
bootstrap 250 / 400 
bootstrap 250 / 400 
bootstrap 250 / 400 
bootstrap 250 / 400 
sperm_like_52 200 / 300 
bootstrap 250 / 400 
bootstrap 250 / 400 
bootstrap 250 / 400 
bootstrap 250 / 400 
bootstrap 250 / 400 
bootstrap 250 / 400 
bootstrap 250 / 400 
bootstrap 250 / 400 
bootstrap 250 / 400 
bootstrap 250 / 400 
bootstrap 250 / 400 
bootstrap 250 / 400 
bootstrap 250 / 400 
bootstrap 250 / 400 
bootstrap 250 / 400 
bootstrap 250 / 400 
bootstrap 250 / 400 
bootstrap 250 / 400 
bootstrap 250 / 400 
bootstrap 250 / 400 
bootstrap 250 / 400 
bootstrap 250 / 400 
bootstrap 250 / 400 
bootstrap 250 / 400 
bootstrap 250 / 400 
bootstrap 250 / 400 
bootstrap 250 / 400 
bootstrap 250 / 400 
bootstrap 250 / 400 
bootstrap 250 / 400 
bootstrap 250 / 400 
bootstrap 250 / 400 
bootstrap 250 / 400 
bootstrap 250 / 400 
bootstrap 250 / 400 
bootstrap 250 / 400 
bootstrap 250 / 400 
bootstrap 250 / 400 
bootstrap 250 / 400 
bootstrap 250 / 400 
bootstrap 250 / 400 
bootstrap 250 / 400 
bootstrap 250 / 400 
bootstrap 250 / 400 
bootstrap 250 / 400 
bootstrap 250 / 400 
bootstrap 250 / 400 
bootstrap 250 / 400 
bootstrap 250 / 400 
bootstrap 250 / 400 
sperm_like_52 250 / 300 
bootstrap 250 / 400 
bootstrap 250 / 400 
bootstrap 250 / 400 
bootstrap 250 / 400 
bootstrap 250 / 400 
bootstrap 250 / 400 
bootstrap 250 / 400 
bootstrap 250 / 400 
bootstrap 250 / 400 
bootstrap 250 / 400 
bootstrap 250 / 400 
bootstrap 250 / 400 
bootstrap 250 / 400 
bootstrap 250 / 400 
bootstrap 250 / 400 
bootstrap 250 / 400 
bootstrap 250 / 400 
bootstrap 250 / 400 
bootstrap 250 / 400 
bootstrap 250 / 400 
bootstrap 250 / 400 
bootstrap 250 / 400 
bootstrap 250 / 400 
bootstrap 250 / 400 
bootstrap 250 / 400 
bootstrap 250 / 400 
bootstrap 250 / 400 
bootstrap 250 / 400 
bootstrap 250 / 400 
bootstrap 250 / 400 
bootstrap 250 / 400 
bootstrap 250 / 400 
bootstrap 250 / 400 
bootstrap 250 / 400 
bootstrap 250 / 400 
bootstrap 250 / 400 
bootstrap 250 / 400 
bootstrap 250 / 400 
bootstrap 250 / 400 
bootstrap 250 / 400 
bootstrap 250 / 400 
bootstrap 250 / 400 
bootstrap 250 / 400 
bootstrap 250 / 400 
bootstrap 250 / 400 
bootstrap 250 / 400 
bootstrap 250 / 400 
bootstrap 250 / 400 
bootstrap 250 / 400 
bootstrap 250 / 400 
sperm_like_52 300 / 300 
bootstrap 250 / 400 
bootstrap 250 / 400 
bootstrap 250 / 400 
bootstrap 250 / 400 
bootstrap 250 / 400 
bootstrap 250 / 400 
bootstrap 250 / 400 
bootstrap 250 / 400 
bootstrap 250 / 400 
bootstrap 250 / 400 
bootstrap 250 / 400 
bootstrap 250 / 400 
bootstrap 250 / 400 
bootstrap 250 / 400 
bootstrap 250 / 400 
bootstrap 250 / 400 
bootstrap 250 / 400 
bootstrap 250 / 400 
bootstrap 250 / 400 
bootstrap 250 / 400 
bootstrap 250 / 400 
bootstrap 250 / 400 
bootstrap 250 / 400 
bootstrap 250 / 400 
bootstrap 250 / 400 
bootstrap 250 / 400 
bootstrap 250 / 400 
bootstrap 250 / 400 
bootstrap 250 / 400 
bootstrap 250 / 400 
bootstrap 250 / 400 
bootstrap 250 / 400 
bootstrap 250 / 400 
bootstrap 250 / 400 
bootstrap 250 / 400 
bootstrap 250 / 400 
bootstrap 250 / 400 
bootstrap 250 / 400 
bootstrap 250 / 400 
bootstrap 250 / 400 
bootstrap 250 / 400 
bootstrap 250 / 400 
bootstrap 250 / 400 
bootstrap 250 / 400 
bootstrap 250 / 400 
bootstrap 250 / 400 
bootstrap 250 / 400 
bootstrap 250 / 400 
bootstrap 250 / 400 
bootstrap 250 / 400 
no_shared_noise_52 50 / 300 
bootstrap 250 / 400 
bootstrap 250 / 400 
bootstrap 250 / 400 
bootstrap 250 / 400 
bootstrap 250 / 400 
bootstrap 250 / 400 
bootstrap 250 / 400 
bootstrap 250 / 400 
bootstrap 250 / 400 
bootstrap 250 / 400 
bootstrap 250 / 400 
bootstrap 250 / 400 
bootstrap 250 / 400 
bootstrap 250 / 400 
bootstrap 250 / 400 
bootstrap 250 / 400 
bootstrap 250 / 400 
bootstrap 250 / 400 
bootstrap 250 / 400 
bootstrap 250 / 400 
bootstrap 250 / 400 
bootstrap 250 / 400 
bootstrap 250 / 400 
bootstrap 250 / 400 
bootstrap 250 / 400 
bootstrap 250 / 400 
bootstrap 250 / 400 
bootstrap 250 / 400 
bootstrap 250 / 400 
bootstrap 250 / 400 
bootstrap 250 / 400 
bootstrap 250 / 400 
bootstrap 250 / 400 
bootstrap 250 / 400 
bootstrap 250 / 400 
bootstrap 250 / 400 
bootstrap 250 / 400 
bootstrap 250 / 400 
bootstrap 250 / 400 
bootstrap 250 / 400 
bootstrap 250 / 400 
bootstrap 250 / 400 
bootstrap 250 / 400 
bootstrap 250 / 400 
bootstrap 250 / 400 
bootstrap 250 / 400 
bootstrap 250 / 400 
bootstrap 250 / 400 
bootstrap 250 / 400 
bootstrap 250 / 400 
no_shared_noise_52 100 / 300 
bootstrap 250 / 400 
bootstrap 250 / 400 
bootstrap 250 / 400 
bootstrap 250 / 400 
bootstrap 250 / 400 
bootstrap 250 / 400 
bootstrap 250 / 400 
bootstrap 250 / 400 
bootstrap 250 / 400 
bootstrap 250 / 400 
bootstrap 250 / 400 
bootstrap 250 / 400 
bootstrap 250 / 400 
bootstrap 250 / 400 
bootstrap 250 / 400 
bootstrap 250 / 400 
bootstrap 250 / 400 
bootstrap 250 / 400 
bootstrap 250 / 400 
bootstrap 250 / 400 
bootstrap 250 / 400 
bootstrap 250 / 400 
bootstrap 250 / 400 
bootstrap 250 / 400 
bootstrap 250 / 400 
bootstrap 250 / 400 
bootstrap 250 / 400 
bootstrap 250 / 400 
bootstrap 250 / 400 
bootstrap 250 / 400 
bootstrap 250 / 400 
bootstrap 250 / 400 
bootstrap 250 / 400 
bootstrap 250 / 400 
bootstrap 250 / 400 
bootstrap 250 / 400 
bootstrap 250 / 400 
bootstrap 250 / 400 
bootstrap 250 / 400 
bootstrap 250 / 400 
bootstrap 250 / 400 
bootstrap 250 / 400 
bootstrap 250 / 400 
bootstrap 250 / 400 
bootstrap 250 / 400 
bootstrap 250 / 400 
bootstrap 250 / 400 
bootstrap 250 / 400 
bootstrap 250 / 400 
bootstrap 250 / 400 
no_shared_noise_52 150 / 300 
bootstrap 250 / 400 
bootstrap 250 / 400 
bootstrap 250 / 400 
bootstrap 250 / 400 
bootstrap 250 / 400 
bootstrap 250 / 400 
bootstrap 250 / 400 
bootstrap 250 / 400 
bootstrap 250 / 400 
bootstrap 250 / 400 
bootstrap 250 / 400 
bootstrap 250 / 400 
bootstrap 250 / 400 
bootstrap 250 / 400 
bootstrap 250 / 400 
bootstrap 250 / 400 
bootstrap 250 / 400 
bootstrap 250 / 400 
bootstrap 250 / 400 
bootstrap 250 / 400 
bootstrap 250 / 400 
bootstrap 250 / 400 
bootstrap 250 / 400 
bootstrap 250 / 400 
bootstrap 250 / 400 
bootstrap 250 / 400 
bootstrap 250 / 400 
bootstrap 250 / 400 
bootstrap 250 / 400 
bootstrap 250 / 400 
bootstrap 250 / 400 
bootstrap 250 / 400 
bootstrap 250 / 400 
bootstrap 250 / 400 
bootstrap 250 / 400 
bootstrap 250 / 400 
bootstrap 250 / 400 
bootstrap 250 / 400 
bootstrap 250 / 400 
bootstrap 250 / 400 
bootstrap 250 / 400 
bootstrap 250 / 400 
bootstrap 250 / 400 
bootstrap 250 / 400 
bootstrap 250 / 400 
bootstrap 250 / 400 
bootstrap 250 / 400 
bootstrap 250 / 400 
bootstrap 250 / 400 
bootstrap 250 / 400 
no_shared_noise_52 200 / 300 
bootstrap 250 / 400 
bootstrap 250 / 400 
bootstrap 250 / 400 
bootstrap 250 / 400 
bootstrap 250 / 400 
bootstrap 250 / 400 
bootstrap 250 / 400 
bootstrap 250 / 400 
bootstrap 250 / 400 
bootstrap 250 / 400 
bootstrap 250 / 400 
bootstrap 250 / 400 
bootstrap 250 / 400 
bootstrap 250 / 400 
bootstrap 250 / 400 
bootstrap 250 / 400 
bootstrap 250 / 400 
bootstrap 250 / 400 
bootstrap 250 / 400 
bootstrap 250 / 400 
bootstrap 250 / 400 
bootstrap 250 / 400 
bootstrap 250 / 400 
bootstrap 250 / 400 
bootstrap 250 / 400 
bootstrap 250 / 400 
bootstrap 250 / 400 
bootstrap 250 / 400 
bootstrap 250 / 400 
bootstrap 250 / 400 
bootstrap 250 / 400 
bootstrap 250 / 400 
bootstrap 250 / 400 
bootstrap 250 / 400 
bootstrap 250 / 400 
bootstrap 250 / 400 
bootstrap 250 / 400 
bootstrap 250 / 400 
bootstrap 250 / 400 
bootstrap 250 / 400 
bootstrap 250 / 400 
bootstrap 250 / 400 
bootstrap 250 / 400 
bootstrap 250 / 400 
bootstrap 250 / 400 
bootstrap 250 / 400 
bootstrap 250 / 400 
bootstrap 250 / 400 
bootstrap 250 / 400 
bootstrap 250 / 400 
no_shared_noise_52 250 / 300 
bootstrap 250 / 400 
bootstrap 250 / 400 
bootstrap 250 / 400 
bootstrap 250 / 400 
bootstrap 250 / 400 
bootstrap 250 / 400 
bootstrap 250 / 400 
bootstrap 250 / 400 
bootstrap 250 / 400 
bootstrap 250 / 400 
bootstrap 250 / 400 
bootstrap 250 / 400 
bootstrap 250 / 400 
bootstrap 250 / 400 
bootstrap 250 / 400 
bootstrap 250 / 400 
bootstrap 250 / 400 
bootstrap 250 / 400 
bootstrap 250 / 400 
bootstrap 250 / 400 
bootstrap 250 / 400 
bootstrap 250 / 400 
bootstrap 250 / 400 
bootstrap 250 / 400 
bootstrap 250 / 400 
bootstrap 250 / 400 
bootstrap 250 / 400 
bootstrap 250 / 400 
bootstrap 250 / 400 
bootstrap 250 / 400 
bootstrap 250 / 400 
bootstrap 250 / 400 
bootstrap 250 / 400 
bootstrap 250 / 400 
bootstrap 250 / 400 
bootstrap 250 / 400 
bootstrap 250 / 400 
bootstrap 250 / 400 
bootstrap 250 / 400 
bootstrap 250 / 400 
bootstrap 250 / 400 
bootstrap 250 / 400 
bootstrap 250 / 400 
bootstrap 250 / 400 
bootstrap 250 / 400 
bootstrap 250 / 400 
bootstrap 250 / 400 
bootstrap 250 / 400 
bootstrap 250 / 400 
bootstrap 250 / 400 
no_shared_noise_52 300 / 300 
done
         metric     target mean_estimate          bias  coverage coverage_mcse
         <char>      <num>         <num>         <num>     <num>         <num>
1:    corrected 0.00000000 -2.974801e-05 -2.974801e-05 0.9966667   0.003327773
2: noise_change 0.03501299  3.501461e-02  1.614746e-06 0.9966667   0.003327773
3:    corrected 0.00500000  5.108012e-03  1.080120e-04 0.9966667   0.003327773
4: noise_change 0.03626746  3.625472e-02 -1.273415e-05 0.9966667   0.003327773
5:    corrected 0.00045000  6.171954e-04  1.671954e-04 1.0000000   0.000000000
6: noise_change 0.04069372  4.063061e-02 -6.311412e-05 1.0000000   0.000000000
7:    corrected 0.00045000  5.140460e-04  6.404600e-05 1.0000000   0.000000000
8: noise_change 0.00000000  3.125000e-05  3.125000e-05 0.9966667   0.003327773
   mean_interval_width replicates bootstrap_draws           scenario
                 <num>      <int>           <int>             <char>
1:         0.016386517        300             400            flat_29
2:         0.006210290        300             400            flat_29
3:         0.011922748        300             400           decay_57
4:         0.004399556        300             400           decay_57
5:         0.014874908        300             400      sperm_like_52
6:         0.012569091        300             400      sperm_like_52
7:         0.012603228        300             400 no_shared_noise_52
8:         0.008955233        300             400 no_shared_noise_52
