Reading Colon (development) 
Matched 352 pairs in 35 blocks
bootstrap 250 / 2000 
bootstrap 500 / 2000 
bootstrap 750 / 2000 
bootstrap 1000 / 2000 
bootstrap 1250 / 2000 
bootstrap 1500 / 2000 
bootstrap 1750 / 2000 
bootstrap 2000 / 2000 
Reading Blood (post-result) 
Matched 963 pairs in 82 blocks
bootstrap 250 / 2000 
bootstrap 500 / 2000 
bootstrap 750 / 2000 
bootstrap 1000 / 2000 
bootstrap 1250 / 2000 
bootstrap 1500 / 2000 
bootstrap 1750 / 2000 
bootstrap 2000 / 2000 
                 cohort                    metric      estimate
                 <char>                    <char>         <num>
 1: Colon (development)                       raw  3.705775e-03
 2: Colon (development)                 corrected  1.678377e-03
 3: Colon (development)                 reference  9.822571e-04
 4: Colon (development)              noise_change  2.027398e-03
 5: Colon (development)       raw_reference_error  2.723518e-03
 6: Colon (development) corrected_reference_error  6.961202e-04
 7: Colon (development)       delta_squared_error -6.932966e-06
 8: Blood (post-result)                       raw  8.981667e-04
 9: Blood (post-result)                 corrected  2.557451e-04
10: Blood (post-result)                 reference  4.378804e-04
11: Blood (post-result)              noise_change  6.424216e-04
12: Blood (post-result)       raw_reference_error  4.602863e-04
13: Blood (post-result) corrected_reference_error -1.821353e-04
14: Blood (post-result)       delta_squared_error -1.786902e-07
    exploratory_lo95 exploratory_hi95    plain_lo95   plain_hi95
               <num>            <num>         <num>        <num>
 1:     8.975719e-04     6.598771e-03  7.780335e-04 6.479233e-03
 2:    -1.056777e-03     4.387943e-03 -1.179727e-03 4.264993e-03
 3:    -1.005210e-03     2.916425e-03 -1.074093e-03 2.847542e-03
 4:     9.806355e-04     3.178219e-03  9.840469e-04 3.181630e-03
 5:    -2.990205e-04     5.694402e-03 -3.496765e-04 5.643746e-03
 6:    -2.360420e-03     3.691818e-03 -2.414487e-03 3.637750e-03
 7:    -2.111782e-05     5.130361e-06 -2.099275e-05 5.255427e-06
 8:     7.164669e-05     1.758022e-03  6.351299e-05 1.749888e-03
 9:    -4.226489e-04     9.675160e-04 -4.351433e-04 9.550215e-04
10:    -8.792009e-05     9.706592e-04 -8.826778e-05 9.703115e-04
11:     1.983252e-04     1.107471e-03  2.026860e-04 1.111831e-03
12:    -2.874726e-04     1.246720e-03 -2.952586e-04 1.238934e-03
13:    -8.734742e-04     5.288538e-04 -8.856210e-04 5.167070e-04
14:    -1.310637e-06     7.293121e-07 -1.321553e-06 7.183966e-07
    bootstrap_draws failed_draws
              <int>        <int>
 1:            2000            0
 2:            2000            0
 3:            2000            0
 4:            2000            0
 5:            2000            0
 6:            2000            0
 7:            2000            0
 8:            2000            0
 9:            2000            0
10:            2000            0
11:            2000            0
12:            2000            0
13:            2000            0
14:            2000            0
                                                   status
                                                   <char>
 1: post-result development; interval calibration pending
 2: post-result development; interval calibration pending
 3: post-result development; interval calibration pending
 4: post-result development; interval calibration pending
 5: post-result development; interval calibration pending
 6: post-result development; interval calibration pending
 7: post-result development; interval calibration pending
 8: post-result development; interval calibration pending
 9: post-result development; interval calibration pending
10: post-result development; interval calibration pending
11: post-result development; interval calibration pending
12: post-result development; interval calibration pending
13: post-result development; interval calibration pending
14: post-result development; interval calibration pending
                cohort full_pairs cached_eligible_pairs available_near
                <char>      <int>                 <int>          <int>
1: Colon (development)    2972692                118729          54077
2: Blood (post-result)    4408849                176146          74136
   available_far matched_near matched_far cells blocks chromosomes
           <int>        <int>       <int> <int>  <int>       <int>
1:           676          280          72    35     35          14
2:          1295          776         187    86     82          20
done
